###############################################################################
#
# IAR ELF Linker V8.40.1.212/W32 for ARM                  08/Dec/2019  20:36:17
# Copyright 2007-2019 IAR Systems AB.
#
#    Output file  =
#        C:\CUW_Workspace\embsys100\Assignment06\HW6_Q3\Debug\Exe\HW6_WS_Q3_Ayichew.out
#    Map file     =
#        C:\CUW_Workspace\embsys100\Assignment06\HW6_Q3\Debug\List\HW6_WS_Q3_Ayichew.map
#    Command line =
#        -f C:\Users\Efrem\AppData\Local\Temp\EWF573.tmp
#        (C:\CUW_Workspace\embsys100\Assignment06\HW6_Q3\Debug\Obj\delay.o
#        C:\CUW_Workspace\embsys100\Assignment06\HW6_Q3\Debug\Obj\main.o
#        C:\CUW_Workspace\embsys100\Assignment06\HW6_Q3\Debug\Obj\user_led.o
#        --no_out_extension -o
#        C:\CUW_Workspace\embsys100\Assignment06\HW6_Q3\Debug\Exe\HW6_WS_Q3_Ayichew.out
#        --redirect _Printf=_PrintfFullNoMb --redirect _Scanf=_ScanfFullNoMb
#        --map
#        C:\CUW_Workspace\embsys100\Assignment06\HW6_Q3\Debug\List\HW6_WS_Q3_Ayichew.map
#        --config
#        C:\CUW_Workspace\embsys100\Assignment06\HW6_Q3\HW6_WS_Q3_Ayichew.icf
#        --semihosting --entry __iar_program_start --inline
#        --merge_duplicate_sections --vfe --text_out locale)
#
###############################################################################

*******************************************************************************
*** RUNTIME MODEL ATTRIBUTES
***

CppFlavor       = *
__SystemLibrary = DLib
__dlib_version  = 6


*******************************************************************************
*** HEAP SELECTION
***

The basic heap was selected because some modules are built with
size limitations (and not runtime checking), and --advanced_heap
was not specified.


*******************************************************************************
*** PLACEMENT SUMMARY
***

"A0":  place at address 0x800'0000 { ro section .intvec };
"P1":  place in [from 0x800'0000 to 0x807'ffff] { ro };
define block CSTACK with size = 512, alignment = 8 { };
define block HEAP with size = 512, alignment = 8 { };
"P2":  place in [from 0x2000'0000 to 0x2001'7fff] {
          rw, block CSTACK, block HEAP };

No sections matched the following patterns:

  rw  in "P2"


  Section   Kind         Address   Size  Object
  -------   ----         -------   ----  ------
"A0":                              0x40
  .intvec   ro code   0x800'0000   0x40  vector_table_M.o [3]
                    - 0x800'0040   0x40

"P1":                              0xbc
  .text     ro code   0x800'0040   0x38  main.o [1]
  .text     ro code   0x800'0078   0x28  user_led.o [1]
  .text     ro code   0x800'00a0    0xa  delay.o [1]
  .text     ro code   0x800'00aa    0x2  vector_table_M.o [3]
  .text     ro code   0x800'00ac   0x1e  cmain.o [3]
  .text     ro code   0x800'00ca    0x4  exit.o [2]
  .text     ro code   0x800'00d0    0xa  cexit.o [3]
  .text     ro code   0x800'00dc   0x14  exit.o [4]
  .text     ro code   0x800'00f0    0xc  cstartup_M.o [3]
                    - 0x800'00fc   0xbc

"P2":                             0x200
  CSTACK             0x2000'0000  0x200  <Block>
    CSTACK  uninit   0x2000'0000  0x200  <Block tail>
                   - 0x2000'0200  0x200

Unused ranges:

         From           To      Size
         ----           --      ----
   0x800'00fc   0x807'ffff  0x7'ff04
  0x2000'0200  0x2001'7fff  0x1'7e00



*******************************************************************************
*** MODULE SUMMARY
***

    Module            ro code  rw data
    ------            -------  -------
command line/config:
    ----------------------------------
    Total:

C:\CUW_Workspace\embsys100\Assignment06\HW6_Q3\Debug\Obj: [1]
    delay.o                10
    main.o                 56
    user_led.o             40
    ----------------------------------
    Total:                106

dl7M_tln.a: [2]
    exit.o                  4
    ----------------------------------
    Total:                  4

rt7M_tl.a: [3]
    cexit.o                10
    cmain.o                30
    cstartup_M.o           12
    vector_table_M.o       66
    ----------------------------------
    Total:                118

shb_l.a: [4]
    exit.o                 20
    ----------------------------------
    Total:                 20

    Gaps                    4
    Linker created                 512
--------------------------------------
    Grand Total:          252      512


*******************************************************************************
*** ENTRY LIST
***

Entry                     Address  Size  Type      Object
-----                     -------  ----  ----      ------
?main                  0x800'00ad        Code  Gb  cmain.o [3]
CSTACK$$Base          0x2000'0000         --   Gb  - Linker created -
CSTACK$$Limit         0x2000'0200         --   Gb  - Linker created -
Region$$Table$$Base           0x0         --   Gb  - Linker created -
Region$$Table$$Limit          0x0         --   Gb  - Linker created -
__cmain                0x800'00ad        Code  Gb  cmain.o [3]
__exit                 0x800'00dd  0x14  Code  Gb  exit.o [4]
__iar_program_start    0x800'00f1        Code  Gb  cstartup_M.o [3]
__vector_table         0x800'0000        Data  Gb  vector_table_M.o [3]
_call_main             0x800'00b9        Code  Gb  cmain.o [3]
_exit                  0x800'00d1        Code  Gb  cexit.o [3]
_main                  0x800'00c7        Code  Gb  cmain.o [3]
control_user_led       0x800'0079        Code  Gb  user_led.o [1]
delay                  0x800'00a1        Code  Gb  delay.o [1]
exit                   0x800'00cb   0x4  Code  Gb  exit.o [2]
main                   0x800'0041  0x38  Code  Gb  main.o [1]


[1] = C:\CUW_Workspace\embsys100\Assignment06\HW6_Q3\Debug\Obj
[2] = dl7M_tln.a
[3] = rt7M_tl.a
[4] = shb_l.a

  252 bytes of readonly  code memory
  512 bytes of readwrite data memory

Errors: none
Warnings: none
