###############################################################################
#
# IAR ELF Linker V8.40.1.212/W32 for ARM                  16/Dec/2019  06:21:01
# Copyright 2007-2019 IAR Systems AB.
#
#    Output file  =
#        C:\CUW_Workspace\embsys100\Assignment08\LD2_PWM_Control\EWARM\LD2_PWM_Control\Exe\LD2_PWM_Control.out
#    Map file     =
#        C:\CUW_Workspace\embsys100\Assignment08\LD2_PWM_Control\EWARM\LD2_PWM_Control\List\LD2_PWM_Control.map
#    Command line =
#        -f C:\Users\Efrem\AppData\Local\Temp\EW6396.tmp
#        (C:\CUW_Workspace\embsys100\Assignment08\LD2_PWM_Control\EWARM\LD2_PWM_Control\Obj\main.o
#        C:\CUW_Workspace\embsys100\Assignment08\LD2_PWM_Control\EWARM\LD2_PWM_Control\Obj\startup_stm32f401xe.o
#        C:\CUW_Workspace\embsys100\Assignment08\LD2_PWM_Control\EWARM\LD2_PWM_Control\Obj\stm32f4xx_hal.o
#        C:\CUW_Workspace\embsys100\Assignment08\LD2_PWM_Control\EWARM\LD2_PWM_Control\Obj\stm32f4xx_hal_cortex.o
#        C:\CUW_Workspace\embsys100\Assignment08\LD2_PWM_Control\EWARM\LD2_PWM_Control\Obj\stm32f4xx_hal_dma.o
#        C:\CUW_Workspace\embsys100\Assignment08\LD2_PWM_Control\EWARM\LD2_PWM_Control\Obj\stm32f4xx_hal_dma_ex.o
#        C:\CUW_Workspace\embsys100\Assignment08\LD2_PWM_Control\EWARM\LD2_PWM_Control\Obj\stm32f4xx_hal_exti.o
#        C:\CUW_Workspace\embsys100\Assignment08\LD2_PWM_Control\EWARM\LD2_PWM_Control\Obj\stm32f4xx_hal_flash.o
#        C:\CUW_Workspace\embsys100\Assignment08\LD2_PWM_Control\EWARM\LD2_PWM_Control\Obj\stm32f4xx_hal_flash_ex.o
#        C:\CUW_Workspace\embsys100\Assignment08\LD2_PWM_Control\EWARM\LD2_PWM_Control\Obj\stm32f4xx_hal_flash_ramfunc.o
#        C:\CUW_Workspace\embsys100\Assignment08\LD2_PWM_Control\EWARM\LD2_PWM_Control\Obj\stm32f4xx_hal_gpio.o
#        C:\CUW_Workspace\embsys100\Assignment08\LD2_PWM_Control\EWARM\LD2_PWM_Control\Obj\stm32f4xx_hal_msp.o
#        C:\CUW_Workspace\embsys100\Assignment08\LD2_PWM_Control\EWARM\LD2_PWM_Control\Obj\stm32f4xx_hal_pwr.o
#        C:\CUW_Workspace\embsys100\Assignment08\LD2_PWM_Control\EWARM\LD2_PWM_Control\Obj\stm32f4xx_hal_pwr_ex.o
#        C:\CUW_Workspace\embsys100\Assignment08\LD2_PWM_Control\EWARM\LD2_PWM_Control\Obj\stm32f4xx_hal_rcc.o
#        C:\CUW_Workspace\embsys100\Assignment08\LD2_PWM_Control\EWARM\LD2_PWM_Control\Obj\stm32f4xx_hal_rcc_ex.o
#        C:\CUW_Workspace\embsys100\Assignment08\LD2_PWM_Control\EWARM\LD2_PWM_Control\Obj\stm32f4xx_hal_tim.o
#        C:\CUW_Workspace\embsys100\Assignment08\LD2_PWM_Control\EWARM\LD2_PWM_Control\Obj\stm32f4xx_hal_tim_ex.o
#        C:\CUW_Workspace\embsys100\Assignment08\LD2_PWM_Control\EWARM\LD2_PWM_Control\Obj\stm32f4xx_it.o
#        C:\CUW_Workspace\embsys100\Assignment08\LD2_PWM_Control\EWARM\LD2_PWM_Control\Obj\system_stm32f4xx.o
#        --redirect _Printf=_PrintfFull --redirect _Scanf=_ScanfFull
#        --no_out_extension -o
#        C:\CUW_Workspace\embsys100\Assignment08\LD2_PWM_Control\EWARM\LD2_PWM_Control\Exe\LD2_PWM_Control.out
#        --map
#        C:\CUW_Workspace\embsys100\Assignment08\LD2_PWM_Control\EWARM\LD2_PWM_Control\List\LD2_PWM_Control.map
#        --config
#        C:\CUW_Workspace\embsys100\Assignment08\LD2_PWM_Control\EWARM/stm32f401xe_flash.icf
#        --semihosting --entry __iar_program_start --vfe --text_out locale)
#
###############################################################################

*******************************************************************************
*** RUNTIME MODEL ATTRIBUTES
***

CppFlavor       = *
__SystemLibrary = DLib
__dlib_version  = 6


*******************************************************************************
*** HEAP SELECTION
***

The basic heap was selected because some modules are built with
size limitations (and not runtime checking), and --advanced_heap
was not specified.


*******************************************************************************
*** PLACEMENT SUMMARY
***

"A0":  place at address 0x800'0000 { ro section .intvec };
"P1":  place in [from 0x800'0000 to 0x807'ffff] { ro };
define block CSTACK with size = 1K, alignment = 8 { };
define block HEAP with size = 512, alignment = 8 { };
"P2":  place in [from 0x2000'0000 to 0x2001'7fff] {
          rw, block CSTACK, block HEAP };
initialize by copy { rw };

  Section            Kind         Address    Size  Object
  -------            ----         -------    ----  ------
"A0":                                       0x194
  .intvec            ro code   0x800'0000   0x194  startup_stm32f401xe.o [1]
                             - 0x800'0194   0x194

"P1":                                      0x1301
  .text              ro code   0x800'0194   0x4e8  stm32f4xx_hal_tim.o [1]
  .text              ro code   0x800'067c    0xc4  stm32f4xx_hal_msp.o [1]
  .text              ro code   0x800'0740     0x2  stm32f4xx_hal_tim.o [1]
  .text              ro code   0x800'0742     0x2  stm32f4xx_hal_tim.o [1]
  .text              ro code   0x800'0744     0x2  stm32f4xx_hal_tim.o [1]
  .text              ro code   0x800'0746     0x2  stm32f4xx_hal_tim_ex.o [1]
  .text              ro code   0x800'0748     0x2  stm32f4xx_hal_tim.o [1]
  .text              ro code   0x800'074a     0x2  stm32f4xx_hal_tim_ex.o [1]
  .text              ro code   0x800'074c     0x2  stm32f4xx_hal_tim.o [1]
  .text              ro code   0x800'0750    0xc4  stm32f4xx_hal_cortex.o [1]
  .text              ro code   0x800'0814    0x14  memset.o [4]
  .text              ro code   0x800'0828   0x1b0  stm32f4xx_hal_gpio.o [1]
  .text              ro code   0x800'09d8    0x66  ABImemset.o [4]
  .text              ro code   0x800'0a40   0x310  stm32f4xx_hal_rcc.o [1]
  .text              ro code   0x800'0d50     0xc  stm32f4xx_hal.o [1]
  .text              ro code   0x800'0d5c   0x180  stm32f4xx_hal_rcc.o [1]
  .text              ro code   0x800'0edc    0x40  stm32f4xx_hal.o [1]
  .text              ro code   0x800'0f1c   0x106  I64DivMod_small.o [4]
  .text              ro code   0x800'1024     0x2  I64DivZer.o [4]
  .text              ro code   0x800'1028   0x15c  main.o [1]
  .text              ro code   0x800'1184    0x34  stm32f4xx_hal.o [1]
  .text              ro code   0x800'11b8    0x78  stm32f4xx_hal_tim_ex.o [1]
  .text              ro code   0x800'1230    0x28  stm32f4xx_hal.o [1]
  .text              ro code   0x800'1258    0x38  packbits_init_single.o [4]
  .text              ro code   0x800'1290    0x2c  system_stm32f4xx.o [1]
  .text              ro code   0x800'12bc    0x28  data_init.o [4]
  .text              ro code   0x800'12e4    0x22  fpinit_M.o [3]
  .iar.init_table    const     0x800'1308    0x10  - Linker created -
  .text              ro code   0x800'1318    0x20  stm32f4xx_it.o [1]
  .text              ro code   0x800'1338    0x10  stm32f4xx_hal.o [1]
  .text              ro code   0x800'1348    0x1e  cmain.o [4]
  .text              ro code   0x800'1366     0x4  low_level_init.o [2]
  .text              ro code   0x800'136a     0x4  exit.o [2]
  .text              ro code   0x800'1370     0xa  cexit.o [4]
  .text              ro code   0x800'137c    0x14  exit.o [5]
  .text              ro code   0x800'1390    0x10  startup_stm32f401xe.o [1]
  .text              ro code   0x800'13a0     0xc  cstartup_M.o [4]
  .text              ro code   0x800'13ac     0x4  startup_stm32f401xe.o [1]
  .text              ro code   0x800'13b0     0x4  startup_stm32f401xe.o [1]
  .text              ro code   0x800'13b4     0x4  startup_stm32f401xe.o [1]
  .text              ro code   0x800'13b8     0x4  startup_stm32f401xe.o [1]
  .text              ro code   0x800'13bc     0x4  startup_stm32f401xe.o [1]
  .text              ro code   0x800'13c0     0x4  startup_stm32f401xe.o [1]
  .text              ro code   0x800'13c4     0x4  startup_stm32f401xe.o [1]
  .text              ro code   0x800'13c8     0x4  startup_stm32f401xe.o [1]
  .text              ro code   0x800'13cc     0x4  startup_stm32f401xe.o [1]
  .text              ro code   0x800'13d0     0x4  startup_stm32f401xe.o [1]
  .text              ro code   0x800'13d4     0x4  startup_stm32f401xe.o [1]
  .text              ro code   0x800'13d8     0x4  startup_stm32f401xe.o [1]
  .text              ro code   0x800'13dc     0x4  startup_stm32f401xe.o [1]
  .text              ro code   0x800'13e0     0x4  startup_stm32f401xe.o [1]
  .text              ro code   0x800'13e4     0x4  startup_stm32f401xe.o [1]
  .text              ro code   0x800'13e8     0x4  startup_stm32f401xe.o [1]
  .text              ro code   0x800'13ec     0x4  startup_stm32f401xe.o [1]
  .text              ro code   0x800'13f0     0x4  startup_stm32f401xe.o [1]
  .text              ro code   0x800'13f4     0x4  startup_stm32f401xe.o [1]
  .text              ro code   0x800'13f8     0x4  startup_stm32f401xe.o [1]
  .text              ro code   0x800'13fc     0x4  startup_stm32f401xe.o [1]
  .text              ro code   0x800'1400     0x4  startup_stm32f401xe.o [1]
  .text              ro code   0x800'1404     0x4  startup_stm32f401xe.o [1]
  .text              ro code   0x800'1408     0x4  startup_stm32f401xe.o [1]
  .text              ro code   0x800'140c     0x4  startup_stm32f401xe.o [1]
  .text              ro code   0x800'1410     0x4  startup_stm32f401xe.o [1]
  .text              ro code   0x800'1414     0x4  startup_stm32f401xe.o [1]
  .text              ro code   0x800'1418     0x4  startup_stm32f401xe.o [1]
  .text              ro code   0x800'141c     0x4  startup_stm32f401xe.o [1]
  .text              ro code   0x800'1420     0x4  startup_stm32f401xe.o [1]
  .text              ro code   0x800'1424     0x4  startup_stm32f401xe.o [1]
  .text              ro code   0x800'1428     0x4  startup_stm32f401xe.o [1]
  .text              ro code   0x800'142c     0x4  startup_stm32f401xe.o [1]
  .text              ro code   0x800'1430     0x4  startup_stm32f401xe.o [1]
  .text              ro code   0x800'1434     0x4  startup_stm32f401xe.o [1]
  .text              ro code   0x800'1438     0x4  startup_stm32f401xe.o [1]
  .text              ro code   0x800'143c     0x4  startup_stm32f401xe.o [1]
  .text              ro code   0x800'1440     0x4  startup_stm32f401xe.o [1]
  .text              ro code   0x800'1444     0x4  startup_stm32f401xe.o [1]
  .text              ro code   0x800'1448     0x4  startup_stm32f401xe.o [1]
  .text              ro code   0x800'144c     0x4  startup_stm32f401xe.o [1]
  .text              ro code   0x800'1450     0x4  startup_stm32f401xe.o [1]
  .text              ro code   0x800'1454     0x4  startup_stm32f401xe.o [1]
  .text              ro code   0x800'1458     0x4  startup_stm32f401xe.o [1]
  .text              ro code   0x800'145c     0x4  startup_stm32f401xe.o [1]
  .text              ro code   0x800'1460     0x4  startup_stm32f401xe.o [1]
  .text              ro code   0x800'1464     0x4  startup_stm32f401xe.o [1]
  .text              ro code   0x800'1468     0x4  startup_stm32f401xe.o [1]
  .text              ro code   0x800'146c     0x4  startup_stm32f401xe.o [1]
  .text              ro code   0x800'1470     0x4  startup_stm32f401xe.o [1]
  .text              ro code   0x800'1474     0x4  startup_stm32f401xe.o [1]
  .text              ro code   0x800'1478     0x4  startup_stm32f401xe.o [1]
  .text              ro code   0x800'147c     0x4  startup_stm32f401xe.o [1]
  .text              ro code   0x800'1480     0x4  startup_stm32f401xe.o [1]
  .text              ro code   0x800'1484     0x4  startup_stm32f401xe.o [1]
  .rodata            const     0x800'1488     0x0  packbits_init_single.o [4]
  Initializer bytes  const     0x800'1488     0xd  <for P2-1>
                             - 0x800'1495  0x1301

"P2", part 1 of 2:                           0x50
  P2-1                        0x2000'0000    0x50  <Init block>
    .data            inited   0x2000'0000     0xc  stm32f4xx_hal.o [1]
    .data            inited   0x2000'000c     0x4  system_stm32f4xx.o [1]
    .bss             inited   0x2000'0010    0x40  main.o [1]
                            - 0x2000'0050    0x50

"P2", part 2 of 2:                          0x400
  CSTACK                      0x2000'0050   0x400  <Block>
    CSTACK           uninit   0x2000'0050   0x400  <Block tail>
                            - 0x2000'0450   0x400

Unused ranges:

         From           To      Size
         ----           --      ----
   0x800'1495   0x807'ffff  0x7'eb6b
  0x2000'0450  0x2001'7fff  0x1'7bb0


*******************************************************************************
*** INIT TABLE
***

          Address      Size
          -------      ----
Copy/packbits (__iar_packbits_init_single3)
    1 source range, total size 0xd (16% of destination):
           0x800'1488   0xd
    1 destination range, total size 0x50:
          0x2000'0000  0x50



*******************************************************************************
*** MODULE SUMMARY
***

    Module                  ro code  ro data  rw data
    ------                  -------  -------  -------
command line/config:
    -------------------------------------------------
    Total:

C:\CUW_Workspace\embsys100\Assignment08\LD2_PWM_Control\EWARM\LD2_PWM_Control\Obj: [1]
    main.o                      348       11       64
    startup_stm32f401xe.o       640
    stm32f4xx_hal.o             184        1       12
    stm32f4xx_hal_cortex.o      196
    stm32f4xx_hal_gpio.o        432
    stm32f4xx_hal_msp.o         196
    stm32f4xx_hal_rcc.o       1'168
    stm32f4xx_hal_tim.o       1'266
    stm32f4xx_hal_tim_ex.o      124
    stm32f4xx_it.o               32
    system_stm32f4xx.o           44        1        4
    -------------------------------------------------
    Total:                    4'630       13       80

dl7M_tln.a: [2]
    exit.o                        4
    low_level_init.o              4
    -------------------------------------------------
    Total:                        8

m7M_tls.a: [3]
    fpinit_M.o                   34
    -------------------------------------------------
    Total:                       34

rt7M_tl.a: [4]
    ABImemset.o                 102
    I64DivMod_small.o           262
    I64DivZer.o                   2
    cexit.o                      10
    cmain.o                      30
    cstartup_M.o                 12
    data_init.o                  40
    memset.o                     20
    packbits_init_single.o       56
    -------------------------------------------------
    Total:                      534

shb_l.a: [5]
    exit.o                       20
    -------------------------------------------------
    Total:                       20

    Gaps                         12        2
    Linker created                        16    1'024
-----------------------------------------------------
    Grand Total:              5'238       31    1'104


*******************************************************************************
*** ENTRY LIST
***

Entry                       Address   Size  Type      Object
-----                       -------   ----  ----      ------
.iar.init_table$$Base    0x800'1308          --   Gb  - Linker created -
.iar.init_table$$Limit   0x800'1318          --   Gb  - Linker created -
?main                    0x800'1349         Code  Gb  cmain.o [4]
AHBPrescTable            0x800'12ac   0x10  Data  Gb  system_stm32f4xx.o [1]
BusFault_Handler         0x800'131f    0x2  Code  Gb  stm32f4xx_it.o [1]
CSTACK$$Base            0x2000'0050          --   Gb  - Linker created -
CSTACK$$Limit           0x2000'0450          --   Gb  - Linker created -
DebugMon_Handler         0x800'1325    0x2  Code  Gb  stm32f4xx_it.o [1]
HAL_Delay                0x800'1231   0x28  Code  Wk  stm32f4xx_hal.o [1]
HAL_GPIO_Init            0x800'0829  0x190  Code  Gb  stm32f4xx_hal_gpio.o [1]
HAL_GetTick              0x800'0d51    0xc  Code  Wk  stm32f4xx_hal.o [1]
HAL_IncTick              0x800'1339   0x10  Code  Wk  stm32f4xx_hal.o [1]
HAL_Init                 0x800'1185   0x30  Code  Gb  stm32f4xx_hal.o [1]
HAL_InitTick             0x800'0edd   0x40  Code  Wk  stm32f4xx_hal.o [1]
HAL_MspInit              0x800'067d   0x34  Code  Gb  stm32f4xx_hal_msp.o [1]
HAL_NVIC_EnableIRQ       0x800'07bf   0x16  Code  Gb  stm32f4xx_hal_cortex.o [1]
HAL_NVIC_SetPriority     0x800'0785   0x3a  Code  Gb  stm32f4xx_hal_cortex.o [1]
HAL_NVIC_SetPriorityGrouping
                         0x800'076b   0x1a  Code  Gb  stm32f4xx_hal_cortex.o [1]
HAL_RCC_ClockConfig      0x800'0d5d  0x100  Code  Gb  stm32f4xx_hal_rcc.o [1]
HAL_RCC_OscConfig        0x800'0a41  0x310  Code  Wk  stm32f4xx_hal_rcc.o [1]
HAL_SYSTICK_Config       0x800'07d5   0x28  Code  Gb  stm32f4xx_hal_cortex.o [1]
HAL_TIMEx_BreakCallback
                         0x800'0747    0x2  Code  Wk  stm32f4xx_hal_tim_ex.o [1]
HAL_TIMEx_CommutCallback
                         0x800'074b    0x2  Code  Wk  stm32f4xx_hal_tim_ex.o [1]
HAL_TIMEx_MasterConfigSynchronization
                         0x800'11b9   0x62  Code  Gb  stm32f4xx_hal_tim_ex.o [1]
HAL_TIM_IRQHandler       0x800'0261  0x142  Code  Gb  stm32f4xx_hal_tim.o [1]
HAL_TIM_MspPostInit      0x800'06e1   0x48  Code  Gb  stm32f4xx_hal_msp.o [1]
HAL_TIM_PWM_ConfigChannel
                         0x800'03a9   0xbc  Code  Gb  stm32f4xx_hal_tim.o [1]
HAL_TIM_PWM_Init         0x800'01a9   0x1a  Code  Gb  stm32f4xx_hal_tim.o [1]
HAL_TIM_PWM_MspInit      0x800'06b1   0x30  Code  Gb  stm32f4xx_hal_msp.o [1]
HAL_TIM_PWM_Start        0x800'01c3    0x8  Code  Gb  stm32f4xx_hal_tim.o [1]
HardFault_Handler        0x800'131b    0x2  Code  Gb  stm32f4xx_it.o [1]
MemManage_Handler        0x800'131d    0x2  Code  Gb  stm32f4xx_it.o [1]
NMI_Handler              0x800'1319    0x2  Code  Gb  stm32f4xx_it.o [1]
PendSV_Handler           0x800'1327    0x2  Code  Gb  stm32f4xx_it.o [1]
Region$$Table$$Base      0x800'1308          --   Gb  - Linker created -
Region$$Table$$Limit     0x800'1318          --   Gb  - Linker created -
SVC_Handler              0x800'1323    0x2  Code  Gb  stm32f4xx_it.o [1]
SysTick_Handler          0x800'1329    0x4  Code  Gb  stm32f4xx_it.o [1]
SystemClock_Config       0x800'10d5   0x7a  Code  Gb  main.o [1]
SystemCoreClock         0x2000'000c    0x4  Data  Gb  system_stm32f4xx.o [1]
SystemInit               0x800'1291   0x14  Code  Gb  system_stm32f4xx.o [1]
TIM2_IRQHandler          0x800'132d    0x6  Code  Gb  stm32f4xx_it.o [1]
TIM_Base_SetConfig       0x800'0499   0x7a  Code  Gb  stm32f4xx_hal_tim.o [1]
TIM_CCxChannelCmd        0x800'0661   0x16  Code  Gb  stm32f4xx_hal_tim.o [1]
TIM_OC1_SetConfig        0x800'0513   0x4a  Code  Lc  stm32f4xx_hal_tim.o [1]
TIM_OC2_SetConfig        0x800'055d   0x52  Code  Gb  stm32f4xx_hal_tim.o [1]
TIM_OC3_SetConfig        0x800'05af   0x50  Code  Lc  stm32f4xx_hal_tim.o [1]
TIM_OC4_SetConfig        0x800'05ff   0x40  Code  Lc  stm32f4xx_hal_tim.o [1]
UsageFault_Handler       0x800'1321    0x2  Code  Gb  stm32f4xx_it.o [1]
__NVIC_SetPriority       0x800'0751   0x1a  Code  Lc  stm32f4xx_hal_cortex.o [1]
__aeabi_ldiv0            0x800'1025         Code  Gb  I64DivZer.o [4]
__aeabi_memset           0x800'09d9         Code  Gb  ABImemset.o [4]
__cmain                  0x800'1349         Code  Gb  cmain.o [4]
__exit                   0x800'137d   0x14  Code  Gb  exit.o [5]
__iar_Memset             0x800'09d9         Code  Gb  ABImemset.o [4]
__iar_Memset_word        0x800'09e1         Code  Gb  ABImemset.o [4]
__iar_data_init3         0x800'12bd   0x28  Code  Gb  data_init.o [4]
__iar_init_vfp           0x800'12e5         Code  Gb  fpinit_M.o [3]
__iar_packbits_init_single3
                         0x800'1259   0x38  Code  Gb  packbits_init_single.o [4]
__iar_program_start      0x800'13a1         Code  Gb  cstartup_M.o [4]
__iar_small_uldivmod     0x800'0f1d         Code  Gb  I64DivMod_small.o [4]
__low_level_init         0x800'1367    0x4  Code  Gb  low_level_init.o [2]
__vector_table           0x800'0000         Data  Gb  startup_stm32f401xe.o [1]
_call_main               0x800'1355         Code  Gb  cmain.o [4]
_exit                    0x800'1371         Code  Gb  cexit.o [4]
_main                    0x800'1363         Code  Gb  cmain.o [4]
exit                     0x800'136b    0x4  Code  Gb  exit.o [2]
htim2                   0x2000'0010   0x40  Data  Gb  main.o [1]
main                     0x800'1029   0xac  Code  Gb  main.o [1]
memset                   0x800'0815   0x14  Code  Gb  memset.o [4]
user_pwm_setvalue        0x800'114f   0x26  Code  Gb  main.o [1]
uwTick                  0x2000'0004    0x4  Data  Gb  stm32f4xx_hal.o [1]
uwTickFreq              0x2000'0000    0x1  Data  Gb  stm32f4xx_hal.o [1]
uwTickPrio              0x2000'0008    0x4  Data  Gb  stm32f4xx_hal.o [1]


[1] = C:\CUW_Workspace\embsys100\Assignment08\LD2_PWM_Control\EWARM\LD2_PWM_Control\Obj
[2] = dl7M_tln.a
[3] = m7M_tls.a
[4] = rt7M_tl.a
[5] = shb_l.a

  5'238 bytes of readonly  code memory
     31 bytes of readonly  data memory
  1'104 bytes of readwrite data memory

Errors: none
Warnings: none
