###############################################################################
#
# IAR ELF Linker V8.40.1.212/W32 for ARM                  26/Oct/2019  20:53:10
# Copyright 2007-2019 IAR Systems AB.
#
#    Output file  =
#        C:\CUW_Workspace\embsys100\Assignment03\Debug\Exe\Morse_Code_Assignement.out
#    Map file     =
#        C:\CUW_Workspace\embsys100\Assignment03\Debug\List\Morse_Code_Assignement.map
#    Command line =
#        -f C:\Users\Efrem\AppData\Local\Temp\EW8AE.tmp
#        (C:\CUW_Workspace\embsys100\Assignment03\Debug\Obj\main.o
#        --no_out_extension -o
#        C:\CUW_Workspace\embsys100\Assignment03\Debug\Exe\Morse_Code_Assignement.out
#        --redirect _Printf=_PrintfFullNoMb --redirect _Scanf=_ScanfFullNoMb
#        --map
#        C:\CUW_Workspace\embsys100\Assignment03\Debug\List\Morse_Code_Assignement.map
#        --config "C:\Program Files (x86)\IAR Systems\Embedded Workbench
#        8.3\arm\config\linker\ST\stm32f401xE.icf" --semihosting --entry
#        __iar_program_start --vfe --text_out locale)
#
###############################################################################

*******************************************************************************
*** RUNTIME MODEL ATTRIBUTES
***

CppFlavor       = *
__SystemLibrary = DLib
__dlib_version  = 6


*******************************************************************************
*** HEAP SELECTION
***

The basic heap was selected because some modules are built with
size limitations (and not runtime checking), and --advanced_heap
was not specified.


*******************************************************************************
*** PLACEMENT SUMMARY
***

"A0":  place at address 0x800'0000 { ro section .intvec };
"P1":  place in [from 0x800'0000 to 0x807'ffff] { ro };
define block CSTACK with size = 8K, alignment = 8 { };
define block HEAP with size = 8K, alignment = 8 { };
"P2":  place in [from 0x2000'0000 to 0x2001'7fff] {
          rw, block CSTACK, block HEAP };

No sections matched the following patterns:

  rw  in "P2"


  Section   Kind         Address    Size  Object
  -------   ----         -------    ----  ------
"A0":                               0x40
  .intvec   ro code   0x800'0000    0x40  vector_table_M.o [4]
                    - 0x800'0040    0x40

"P1":                              0x1b8
  .text     ro code   0x800'0040    0xd6  main.o [1]
  .text     ro code   0x800'0116     0x2  vector_table_M.o [4]
  .text     ro code   0x800'0118    0x56  ABImemcpy_unaligned.o [4]
  .text     ro code   0x800'0170    0x22  fpinit_M.o [3]
  .text     ro code   0x800'0194    0x1e  cmain.o [4]
  .text     ro code   0x800'01b2     0x4  low_level_init.o [2]
  .text     ro code   0x800'01b6     0x4  exit.o [2]
  .text     ro code   0x800'01bc     0xa  cexit.o [4]
  .text     ro code   0x800'01c8    0x14  exit.o [5]
  .rodata   const     0x800'01dc    0x10  main.o [1]
  .text     ro code   0x800'01ec     0xc  cstartup_M.o [4]
                    - 0x800'01f8   0x1b8

"P2":                             0x2000
  CSTACK             0x2000'0000  0x2000  <Block>
    CSTACK  uninit   0x2000'0000  0x2000  <Block tail>
                   - 0x2000'2000  0x2000

Unused ranges:

         From           To      Size
         ----           --      ----
   0x800'01f8   0x807'ffff  0x7'fe08
  0x2000'2000  0x2001'7fff  0x1'6000



*******************************************************************************
*** MODULE SUMMARY
***

    Module                 ro code  ro data  rw data
    ------                 -------  -------  -------
command line/config:
    ------------------------------------------------
    Total:

C:\CUW_Workspace\embsys100\Assignment03\Debug\Obj: [1]
    main.o                     214       16
    ------------------------------------------------
    Total:                     214       16

dl7M_tln.a: [2]
    exit.o                       4
    low_level_init.o             4
    ------------------------------------------------
    Total:                       8

m7M_tls.a: [3]
    fpinit_M.o                  34
    ------------------------------------------------
    Total:                      34

rt7M_tl.a: [4]
    ABImemcpy_unaligned.o       86
    cexit.o                     10
    cmain.o                     30
    cstartup_M.o                12
    vector_table_M.o            66
    ------------------------------------------------
    Total:                     204

shb_l.a: [5]
    exit.o                      20
    ------------------------------------------------
    Total:                      20

    Gaps                         8
    Linker created                             8'192
----------------------------------------------------
    Grand Total:               488       16    8'192


*******************************************************************************
*** ENTRY LIST
***

Entry                       Address  Size  Type      Object
-----                       -------  ----  ----      ------
?main                    0x800'0195        Code  Gb  cmain.o [4]
CSTACK$$Base            0x2000'0000         --   Gb  - Linker created -
CSTACK$$Limit           0x2000'2000         --   Gb  - Linker created -
LED_off                  0x800'00b7   0x8  Code  Gb  main.o [1]
LED_on                   0x800'00af   0x8  Code  Gb  main.o [1]
Region$$Table$$Base             0x0         --   Gb  - Linker created -
Region$$Table$$Limit            0x0         --   Gb  - Linker created -
__cmain                  0x800'0195        Code  Gb  cmain.o [4]
__exit                   0x800'01c9  0x14  Code  Gb  exit.o [5]
__iar_init_vfp           0x800'0171        Code  Gb  fpinit_M.o [3]
__iar_program_start      0x800'01ed        Code  Gb  cstartup_M.o [4]
__iar_unaligned_memcpy4
                         0x800'0119        Code  Gb  ABImemcpy_unaligned.o [4]
__iar_unaligned_memcpy8
                         0x800'0119        Code  Gb  ABImemcpy_unaligned.o [4]
__low_level_init         0x800'01b3   0x4  Code  Gb  low_level_init.o [2]
__vector_table           0x800'0000        Data  Gb  vector_table_M.o [4]
_call_main               0x800'01a1        Code  Gb  cmain.o [4]
_exit                    0x800'01bd        Code  Gb  cexit.o [4]
_main                    0x800'01af        Code  Gb  cmain.o [4]
dashSignal               0x800'009b  0x14  Code  Gb  main.o [1]
delayByThis              0x800'0105  0x12  Code  Gb  main.o [1]
dotSignal                0x800'0087  0x14  Code  Gb  main.o [1]
entryPause               0x800'00d5   0xc  Code  Gb  main.o [1]
exit                     0x800'01b7   0x4  Code  Gb  exit.o [2]
main                     0x800'0041  0x46  Code  Gb  main.o [1]
pauseForDash             0x800'00ed   0xc  Code  Gb  main.o [1]
pauseForDot              0x800'00e1   0xc  Code  Gb  main.o [1]
pauseInBetween           0x800'00f9   0xc  Code  Gb  main.o [1]


[1] = C:\CUW_Workspace\embsys100\Assignment03\Debug\Obj
[2] = dl7M_tln.a
[3] = m7M_tls.a
[4] = rt7M_tl.a
[5] = shb_l.a

    488 bytes of readonly  code memory
     16 bytes of readonly  data memory
  8'192 bytes of readwrite data memory

Errors: none
Warnings: none
