###############################################################################
#
# IAR ELF Linker V8.40.1.212/W32 for ARM                  16/Nov/2019  22:10:47
# Copyright 2007-2019 IAR Systems AB.
#
#    Output file  =
#        C:\CUW_Workspace\embsys100\Assignment04\circular_Queue\Debug\Exe\HW4_Circular_Queue.out
#    Map file     =
#        C:\CUW_Workspace\embsys100\Assignment04\circular_Queue\Debug\List\HW4_Circular_Queue.map
#    Command line =
#        -f C:\Users\Efrem\AppData\Local\Temp\EWB77F.tmp
#        (C:\CUW_Workspace\embsys100\Assignment04\circular_Queue\Debug\Obj\main.o
#        C:\CUW_Workspace\embsys100\Assignment04\circular_Queue\Debug\Obj\queue.o
#        --no_out_extension -o
#        C:\CUW_Workspace\embsys100\Assignment04\circular_Queue\Debug\Exe\HW4_Circular_Queue.out
#        --redirect _Printf=_PrintfFullNoMb --redirect _Scanf=_ScanfFullNoMb
#        --map
#        C:\CUW_Workspace\embsys100\Assignment04\circular_Queue\Debug\List\HW4_Circular_Queue.map
#        --config "C:\Program Files (x86)\IAR Systems\Embedded Workbench
#        8.3\arm\CONFIG\generic_cortex.icf" --semihosting --entry
#        __iar_program_start --vfe --text_out locale)
#
###############################################################################

*******************************************************************************
*** RUNTIME MODEL ATTRIBUTES
***

CppFlavor       = *
__SystemLibrary = DLib
__dlib_version  = 6


*******************************************************************************
*** HEAP SELECTION
***

The basic heap was selected because some modules are built with
size limitations (and not runtime checking), and --advanced_heap
was not specified.


*******************************************************************************
*** PLACEMENT SUMMARY
***

"A0":  place at address 0x0 { ro section .intvec };
"P1":  place in [from 0x0 to 0x7'ffff] { ro };
define block CSTACK with size = 1K, alignment = 8 { };
define block PROC_STACK with size = 0, alignment = 8 { };
define block HEAP with size = 2K, alignment = 8 { };
"P2":  place in [from 0x2000'0000 to 0x2000'ffff] {
          rw, block CSTACK, block PROC_STACK, block HEAP };

  Section          Kind         Address   Size  Object
  -------          ----         -------   ----  ------
"A0":                                     0x40
  .intvec          ro code          0x0   0x40  vector_table_M.o [3]
                                 - 0x40   0x40

"P1":                                    0x7f8
  .text            ro code         0x40  0x4c8  main.o [1]
  .text            ro code        0x508   0xcc  queue.o [1]
  .text            ro code        0x5d4   0x24  ABIassert.o [4]
  .text            ro code        0x5f8    0x6  abort.o [2]
  .text            ro code        0x5fe   0x3a  zero_init3.o [3]
  .text            ro code        0x638   0x14  exit.o [4]
  .rodata          const          0x64c   0x40  main.o [1]
  .text            ro code        0x68c   0x28  data_init.o [3]
  .iar.init_table  const          0x6b4   0x10  - Linker created -
  .text            ro code        0x6c4   0x1e  cmain.o [3]
  .text            ro code        0x6e2    0x4  low_level_init.o [2]
  .text            ro code        0x6e6    0x4  exit.o [2]
  .text            ro code        0x6ea    0x2  vector_table_M.o [3]
  .text            ro code        0x6ec    0xa  cexit.o [3]
  .rodata          const          0x6f8   0x1c  main.o [1]
  .rodata          const          0x714   0x14  main.o [1]
  .rodata          const          0x728   0x14  main.o [1]
  .rodata          const          0x73c   0x14  main.o [1]
  .rodata          const          0x750   0x14  main.o [1]
  .rodata          const          0x764   0x14  main.o [1]
  .rodata          const          0x778   0x14  main.o [1]
  .rodata          const          0x78c   0x10  main.o [1]
  .rodata          const          0x79c   0x10  main.o [1]
  .rodata          const          0x7ac   0x10  main.o [1]
  .rodata          const          0x7bc   0x10  main.o [1]
  .rodata          const          0x7cc   0x10  main.o [1]
  .rodata          const          0x7dc   0x10  main.o [1]
  .rodata          const          0x7ec   0x10  main.o [1]
  .rodata          const          0x7fc   0x10  main.o [1]
  .rodata          const          0x80c   0x10  main.o [1]
  .rodata          const          0x81c   0x10  main.o [1]
  .text            ro code        0x82c    0xc  cstartup_M.o [3]
  .rodata          const          0x838    0x0  zero_init3.o [3]
                                - 0x838  0x7f8

"P2", part 1 of 2:                        0x14
  .bss             zero     0x2000'0000    0xc  queue.o [1]
  .bss             zero     0x2000'000c    0x4  queue.o [1]
  .bss             zero     0x2000'0010    0x4  queue.o [1]
                          - 0x2000'0014   0x14

"P2", part 2 of 2:                       0x400
  CSTACK                    0x2000'0018  0x400  <Block>
    CSTACK         uninit   0x2000'0018  0x400  <Block tail>
                          - 0x2000'0418  0x400

Unused ranges:

         From           To      Size
         ----           --      ----
        0x838     0x7'ffff  0x7'f7c8
  0x2000'0014  0x2000'0017       0x4
  0x2000'0418  0x2000'ffff    0xfbe8


*******************************************************************************
*** INIT TABLE
***

          Address      Size
          -------      ----
Zero (__iar_zero_init3)
    1 destination range, total size 0x14:
          0x2000'0000  0x14



*******************************************************************************
*** MODULE SUMMARY
***

    Module            ro code  ro data  rw data
    ------            -------  -------  -------
command line/config:
    -------------------------------------------
    Total:

C:\CUW_Workspace\embsys100\Assignment04\circular_Queue\Debug\Obj: [1]
    main.o              1'224      372
    queue.o               204                20
    -------------------------------------------
    Total:              1'428      372       20

dl7M_tln.a: [2]
    abort.o                 6
    exit.o                  4
    low_level_init.o        4
    -------------------------------------------
    Total:                 14

rt7M_tl.a: [3]
    cexit.o                10
    cmain.o                30
    cstartup_M.o           12
    data_init.o            40
    vector_table_M.o       66
    zero_init3.o           58
    -------------------------------------------
    Total:                216

shb_l.a: [4]
    ABIassert.o            36
    exit.o                 20
    -------------------------------------------
    Total:                 56

    Gaps                             2
    Linker created                  16    1'024
-----------------------------------------------
    Grand Total:        1'714      390    1'044


*******************************************************************************
*** ENTRY LIST
***

Entry                       Address   Size  Type      Object
-----                       -------   ----  ----      ------
.iar.init_table$$Base         0x6b4          --   Gb  - Linker created -
.iar.init_table$$Limit        0x6c4          --   Gb  - Linker created -
?main                         0x6c5         Code  Gb  cmain.o [3]
CSTACK$$Base            0x2000'0018          --   Gb  - Linker created -
CSTACK$$Limit           0x2000'0418          --   Gb  - Linker created -
QueueStore              0x2000'0000    0xc  Data  Gb  queue.o [1]
Region$$Table$$Base           0x6b4          --   Gb  - Linker created -
Region$$Table$$Limit          0x6c4          --   Gb  - Linker created -
__aeabi_assert                0x5d5   0x24  Code  Gb  ABIassert.o [4]
__cmain                       0x6c5         Code  Gb  cmain.o [3]
__exit                        0x639   0x14  Code  Gb  exit.o [4]
__iar_data_init3              0x68d   0x28  Code  Gb  data_init.o [3]
__iar_program_start           0x82d         Code  Gb  cstartup_M.o [3]
__iar_zero_init3              0x5ff   0x3a  Code  Gb  zero_init3.o [3]
__low_level_init              0x6e3    0x4  Code  Gb  low_level_init.o [2]
__vector_table                  0x0         Data  Gb  vector_table_M.o [3]
_call_main                    0x6d1         Code  Gb  cmain.o [3]
_exit                         0x6ed         Code  Gb  cexit.o [3]
_main                         0x6df         Code  Gb  cmain.o [3]
abort                         0x5f9    0x6  Code  Gb  abort.o [2]
exit                          0x6e7    0x4  Code  Gb  exit.o [2]
getPtr                  0x2000'0010    0x4  Data  Gb  queue.o [1]
main                           0x41  0x4c8  Code  Gb  main.o [1]
putPtr                  0x2000'000c    0x4  Data  Gb  queue.o [1]
queue_get                     0x585   0x42  Code  Gb  queue.o [1]
queue_init                    0x509   0x20  Code  Gb  queue.o [1]
queue_put                     0x529   0x5c  Code  Gb  queue.o [1]


[1] = C:\CUW_Workspace\embsys100\Assignment04\circular_Queue\Debug\Obj
[2] = dl7M_tln.a
[3] = rt7M_tl.a
[4] = shb_l.a

  1'714 bytes of readonly  code memory
    390 bytes of readonly  data memory
  1'044 bytes of readwrite data memory

Errors: none
Warnings: none
